\set ECHO none
SET max_parallel_workers_per_gather = 0;
SET max_parallel_maintenance_workers = 0;
CREATE TABLE d (id int, a int, b int, c int, d int, e int, f int);
INSERT INTO d
SELECT i, mod(i,100), mod(i,100), mod(i,100), mod(i,1000), mod(i,1000), mod(i,1000)
  FROM generate_series(1,100000) s(i);
ANALYZE d;
CREATE TABLE t AS
SELECT mod(id,10), omnisketch(0.01, 0.01, id, (a, b)) AS s
  FROM d GROUP BY mod(id,10);
SELECT omnisketch_count(omnisketch(t.s)) FROM t;
 omnisketch_count 
------------------
           100000
(1 row)

SELECT omnisketch_estimate(omnisketch(t.s), (1, 2, 3)) FROM t;
ERROR:  number of record attributes mismatches sketch (3 != 2)
SELECT (SELECT omnisketch_estimate(omnisketch(t.s), (i, i)) FROM t) AS e FROM generate_series(1,10) s(i);
  e   
------
  855
  980
  960
 1159
  940
 1026
 1160
  817
  740
  893
(10 rows)

SELECT (SELECT omnisketch_estimate(omnisketch(t.s), (i, i+1)) FROM t) AS e FROM generate_series(1,10) s(i);
 e 
---
 0
 0
 0
 0
 0
 0
 0
 0
 0
 0
(10 rows)

DROP TABLE t;
DROP TABLE d;
